2012-
-05-01 first Tuesday
-05-02 first Wednesday
-05-03 first Thursday
15:00 third 3pm in May
-05-04 first Friday
-05-05 first Saturday
-05-06 first Sunday
-05-07 first Monday
-05-20 third Sunday, third Sunday in May
-06-01 first Friday
-06-02 first Saturday
-06-03 first Sunday
-06-04 first Monday
-06-05 first Tuesday
-06-06 first Wednesday
-06-07 first Thursday
