ongoing not Thursday (to -04-18), between Thursday (to -04-18)
-04-19 Thursday
-04-20 not Thursday (to -04-25), between Thursday (to -04-25)
-04-26 Thursday
-04-27 not Thursday (to -05-02), between Thursday (to -05-02)
-05-03 Thursday
-05-04 not Thursday (to -05-09), between Thursday (to -05-09)
-05-10 Thursday
-05-11 not Thursday (to -05-16), between Thursday (to -05-16)
-05-17 Thursday
-05-18 not Thursday (to -05-23), between Thursday (to -05-23)
-05-24 Thursday
-05-25 not Thursday (to -05-30), between Thursday (to -05-30)
-05-31 Thursday
-06-01 not Thursday (to -06-06), between Thursday (to -06-06)
-06-07 Thursday
-06-08 not Thursday (to -06-13), between Thursday (to -06-13)
-06-14 Thursday
-06-15 not Thursday (to whenever), between Thursday (to whenever)
