-04-23 second-last Monday, second-last Monday in April
-04-24 last Tuesday
-04-25 last Wednesday
-04-26 last Thursday
-04-27 last Friday
-04-28 last Saturday
-04-29 last Sunday
14:00 second-last 2pm in April
-04-30 last Monday
-05-01 first Tuesday
-05-02 first Wednesday
-05-03 first Thursday
15:00 third 3pm in May
-05-04 first Friday
-05-05 first Saturday
-05-06 first Sunday
-05-07 first Monday
-05-20 third Sunday, third Sunday in May
-05-21 second-last Monday
-05-25 last Friday
-05-26 last Saturday
-05-27 last Sunday
-05-28 last Monday
-05-29 last Tuesday
-05-30 last Wednesday
-05-31 last Thursday
-06-01 first Friday
-06-02 first Saturday
-06-03 first Sunday
-06-04 first Monday
-06-05 first Tuesday
-06-06 first Wednesday
-06-07 first Thursday
